// Vitest Snapshot v1, https://vitest.dev/guide/snapshot.html

exports[`Error pages > should render correctly 1`] = `
<DocumentFragment>
  <div
    class="MuiStack-root css-1va92lp-JoyStack-root"
  >
    <svg
      aria-hidden="true"
      class="MuiSvgIcon-root MuiSvgIcon-fontSizeXl2 css-1bfyuvs-MuiSvgIcon-root"
      data-testid="ErrorOutlineIcon"
      focusable="false"
      viewBox="0 0 24 24"
    >
      <path
        d="M11 15h2v2h-2zm0-8h2v6h-2zm.99-5C6.47 2 2 6.48 2 12s4.47 10 9.99 10C17.52 22 22 17.52 22 12S17.52 2 11.99 2M12 20c-4.42 0-8-3.58-8-8s3.58-8 8-8 8 3.58 8 8-3.58 8-8 8"
      />
    </svg>
    <h1
      class="MuiTypography-root MuiTypography-h1 css-1o1xzye-JoyTypography-root"
    >
      400
    </h1>
    <span
      class="MuiTypography-root MuiTypography-body-xs css-1u5qaj1-JoyTypography-root"
    >
      Bad Request
    </span>
    <p
      class="MuiTypography-root MuiTypography-body-sm css-n3pxpz-JoyTypography-root"
    >
      The server could not understand the request due to invalid syntax.
    </p>
    <button
      class="MuiButton-root MuiButton-variantSolid MuiButton-colorPrimary MuiButton-sizeMd css-1titjnu-JoyButton-root"
      type="button"
    >
      Back
    </button>
  </div>
</DocumentFragment>
`;
